main.c:78:5:_write	32	static
main.c:133:6:initial_state	16	static
main.c:149:6:idle_state	24	static
main.c:164:6:reception_state	24	static
main.c:189:6:control_and_wait_state	24	static
main.c:212:6:emission_state	16	static
main.c:229:5:main	8	static
main.c:318:6:SystemClock_Config	216	static
main.c:376:13:MX_TIM2_Init	40	static
main.c:421:13:MX_TIM3_Init	40	static
main.c:466:13:MX_TIM4_Init	40	static
main.c:511:13:MX_USART1_UART_Init	8	static
main.c:546:13:MX_GPIO_Init	48	static
main.c:666:16:CRC16	24	static
main.c:681:10:fliperoo	24	static
main.c:702:6:HAL_TIM_PeriodElapsedCallback	16	static
main.c:734:6:Error_Handler	4	static,ignoring_inline_asm
