main.c:91:5:_write	32	static
main.c:121:5:main	32	static
main.c:223:6:SystemClock_Config	216	static
main.c:283:13:MX_USART1_UART_Init	8	static
main.c:318:13:MX_GPIO_Init	56	static
main.c:394:6:initI2C	8	static
main.c:402:6:I2C_start	8	static
main.c:414:6:I2C_stop	8	static
main.c:427:9:I2C_write	24	static
main.c:467:9:I2C_read	24	static
main.c:498:9:I2C_readMem	24	static
main.c:522:6:SysTickDelayCount	16	static
main.c:532:9:reverse	16	static
main.c:551:6:HAL_TIM_PeriodElapsedCallback	16	static
main.c:568:6:Error_Handler	4	static,ignoring_inline_asm
