main.c:91:5:_write	32	static
main.c:121:5:main	24	static
main.c:217:6:SystemClock_Config	216	static
main.c:277:13:MX_USART1_UART_Init	8	static
main.c:312:13:MX_GPIO_Init	56	static
main.c:388:6:initI2C	8	static
main.c:396:6:I2C_start	8	static
main.c:408:6:I2C_stop	8	static
main.c:421:9:I2C_write	24	static
main.c:461:9:I2C_read	24	static
main.c:492:9:I2C_readMem	24	static
main.c:516:6:SysTickDelayCount	16	static
main.c:526:9:reverse	16	static
main.c:545:6:HAL_TIM_PeriodElapsedCallback	16	static
main.c:562:6:Error_Handler	4	static,ignoring_inline_asm
