Archive member included to satisfy reference by file (symbol)

c:/users/willi/documents/17. stm32/stm32cubeide_1.7.0/stm32cubeide/plugins/com.st.stm32cube.ide.mcu.externaltools.gnu-tools-for-stm32.9-2020-q2-update.win32_2.0.0.202105311346/tools/bin/../lib/gcc/arm-none-eabi/9.3.1/../../../../arm-none-eabi/lib/thumb/v7e-m+fp/hard\libc_nano.a(lib_a-errno.o)
                              ./Core/Src/main.o (__errno)
c:/users/willi/documents/17. stm32/stm32cubeide_1.7.0/stm32cubeide/plugins/com.st.stm32cube.ide.mcu.externaltools.gnu-tools-for-stm32.9-2020-q2-update.win32_2.0.0.202105311346/tools/bin/../lib/gcc/arm-none-eabi/9.3.1/../../../../arm-none-eabi/lib/thumb/v7e-m+fp/hard\libc_nano.a(lib_a-exit.o)
                              c:/users/willi/documents/17. stm32/stm32cubeide_1.7.0/stm32cubeide/plugins/com.st.stm32cube.ide.mcu.externaltools.gnu-tools-for-stm32.9-2020-q2-update.win32_2.0.0.202105311346/tools/bin/../lib/gcc/arm-none-eabi/9.3.1/../../../../arm-none-eabi/lib/thumb/v7e-m+fp/hard/crt0.o (exit)
c:/users/willi/documents/17. stm32/stm32cubeide_1.7.0/stm32cubeide/plugins/com.st.stm32cube.ide.mcu.externaltools.gnu-tools-for-stm32.9-2020-q2-update.win32_2.0.0.202105311346/tools/bin/../lib/gcc/arm-none-eabi/9.3.1/../../../../arm-none-eabi/lib/thumb/v7e-m+fp/hard\libc_nano.a(lib_a-impure.o)
                              c:/users/willi/documents/17. stm32/stm32cubeide_1.7.0/stm32cubeide/plugins/com.st.stm32cube.ide.mcu.externaltools.gnu-tools-for-stm32.9-2020-q2-update.win32_2.0.0.202105311346/tools/bin/../lib/gcc/arm-none-eabi/9.3.1/../../../../arm-none-eabi/lib/thumb/v7e-m+fp/hard\libc_nano.a(lib_a-exit.o) (_global_impure_ptr)
c:/users/willi/documents/17. stm32/stm32cubeide_1.7.0/stm32cubeide/plugins/com.st.stm32cube.ide.mcu.externaltools.gnu-tools-for-stm32.9-2020-q2-update.win32_2.0.0.202105311346/tools/bin/../lib/gcc/arm-none-eabi/9.3.1/../../../../arm-none-eabi/lib/thumb/v7e-m+fp/hard\libc_nano.a(lib_a-init.o)
                              c:/users/willi/documents/17. stm32/stm32cubeide_1.7.0/stm32cubeide/plugins/com.st.stm32cube.ide.mcu.externaltools.gnu-tools-for-stm32.9-2020-q2-update.win32_2.0.0.202105311346/tools/bin/../lib/gcc/arm-none-eabi/9.3.1/../../../../arm-none-eabi/lib/thumb/v7e-m+fp/hard/crt0.o (__libc_init_array)
c:/users/willi/documents/17. stm32/stm32cubeide_1.7.0/stm32cubeide/plugins/com.st.stm32cube.ide.mcu.externaltools.gnu-tools-for-stm32.9-2020-q2-update.win32_2.0.0.202105311346/tools/bin/../lib/gcc/arm-none-eabi/9.3.1/../../../../arm-none-eabi/lib/thumb/v7e-m+fp/hard\libc_nano.a(lib_a-memset.o)
                              c:/users/willi/documents/17. stm32/stm32cubeide_1.7.0/stm32cubeide/plugins/com.st.stm32cube.ide.mcu.externaltools.gnu-tools-for-stm32.9-2020-q2-update.win32_2.0.0.202105311346/tools/bin/../lib/gcc/arm-none-eabi/9.3.1/../../../../arm-none-eabi/lib/thumb/v7e-m+fp/hard/crt0.o (memset)
c:/users/willi/documents/17. stm32/stm32cubeide_1.7.0/stm32cubeide/plugins/com.st.stm32cube.ide.mcu.externaltools.gnu-tools-for-stm32.9-2020-q2-update.win32_2.0.0.202105311346/tools/bin/../lib/gcc/arm-none-eabi/9.3.1/thumb/v7e-m+fp/hard\libgcc.a(_aeabi_uldivmod.o)
                              ./Drivers/STM32F7xx_HAL_Driver/Src/stm32f7xx_hal_rcc.o (__aeabi_uldivmod)
c:/users/willi/documents/17. stm32/stm32cubeide_1.7.0/stm32cubeide/plugins/com.st.stm32cube.ide.mcu.externaltools.gnu-tools-for-stm32.9-2020-q2-update.win32_2.0.0.202105311346/tools/bin/../lib/gcc/arm-none-eabi/9.3.1/thumb/v7e-m+fp/hard\libgcc.a(_udivmoddi4.o)
                              c:/users/willi/documents/17. stm32/stm32cubeide_1.7.0/stm32cubeide/plugins/com.st.stm32cube.ide.mcu.externaltools.gnu-tools-for-stm32.9-2020-q2-update.win32_2.0.0.202105311346/tools/bin/../lib/gcc/arm-none-eabi/9.3.1/thumb/v7e-m+fp/hard\libgcc.a(_aeabi_uldivmod.o) (__udivmoddi4)
c:/users/willi/documents/17. stm32/stm32cubeide_1.7.0/stm32cubeide/plugins/com.st.stm32cube.ide.mcu.externaltools.gnu-tools-for-stm32.9-2020-q2-update.win32_2.0.0.202105311346/tools/bin/../lib/gcc/arm-none-eabi/9.3.1/thumb/v7e-m+fp/hard\libgcc.a(_dvmd_tls.o)
                              c:/users/willi/documents/17. stm32/stm32cubeide_1.7.0/stm32cubeide/plugins/com.st.stm32cube.ide.mcu.externaltools.gnu-tools-for-stm32.9-2020-q2-update.win32_2.0.0.202105311346/tools/bin/../lib/gcc/arm-none-eabi/9.3.1/thumb/v7e-m+fp/hard\libgcc.a(_aeabi_uldivmod.o) (__aeabi_ldiv0)

Allocating common symbols
Common symbol       size              file

uwTick              0x4               ./Drivers/STM32F7xx_HAL_Driver/Src/stm32f7xx_hal.o
pFlash              0x1c              ./Drivers/STM32F7xx_HAL_Driver/Src/stm32f7xx_hal_flash.o
huart1              0x84              ./Core/Src/main.o
htim1               0x4c              ./Core/Src/stm32f7xx_hal_timebase_tim.o

Discarded input sections

[...]
Memory Configuration

Name             Origin             Length             Attributes
RAM              0x0000000020000000 0x0000000000050000 xrw
FLASH            0x0000000008000000 0x0000000000100000 xr
*default*        0x0000000000000000 0xffffffffffffffff

Linker script and memory map

LOAD c:/users/willi/documents/17. stm32/stm32cubeide_1.7.0/stm32cubeide/plugins/com.st.stm32cube.ide.mcu.externaltools.gnu-tools-for-stm32.9-2020-q2-update.win32_2.0.0.202105311346/tools/bin/../lib/gcc/arm-none-eabi/9.3.1/thumb/v7e-m+fp/hard/crti.o
LOAD c:/users/willi/documents/17. stm32/stm32cubeide_1.7.0/stm32cubeide/plugins/com.st.stm32cube.ide.mcu.externaltools.gnu-tools-for-stm32.9-2020-q2-update.win32_2.0.0.202105311346/tools/bin/../lib/gcc/arm-none-eabi/9.3.1/thumb/v7e-m+fp/hard/crtbegin.o
LOAD c:/users/willi/documents/17. stm32/stm32cubeide_1.7.0/stm32cubeide/plugins/com.st.stm32cube.ide.mcu.externaltools.gnu-tools-for-stm32.9-2020-q2-update.win32_2.0.0.202105311346/tools/bin/../lib/gcc/arm-none-eabi/9.3.1/../../../../arm-none-eabi/lib/thumb/v7e-m+fp/hard/crt0.o
LOAD ./Core/Src/main.o
LOAD ./Core/Src/stm32f7xx_hal_msp.o
LOAD ./Core/Src/stm32f7xx_hal_timebase_tim.o
LOAD ./Core/Src/stm32f7xx_it.o
LOAD ./Core/Src/syscalls.o
LOAD ./Core/Src/sysmem.o
LOAD ./Core/Src/system_stm32f7xx.o
LOAD ./Core/Startup/startup_stm32f746nghx.o
LOAD ./Drivers/STM32F7xx_HAL_Driver/Src/stm32f7xx_hal.o
LOAD ./Drivers/STM32F7xx_HAL_Driver/Src/stm32f7xx_hal_cortex.o
LOAD ./Drivers/STM32F7xx_HAL_Driver/Src/stm32f7xx_hal_dma.o
LOAD ./Drivers/STM32F7xx_HAL_Driver/Src/stm32f7xx_hal_dma_ex.o
LOAD ./Drivers/STM32F7xx_HAL_Driver/Src/stm32f7xx_hal_exti.o
LOAD ./Drivers/STM32F7xx_HAL_Driver/Src/stm32f7xx_hal_flash.o
LOAD ./Drivers/STM32F7xx_HAL_Driver/Src/stm32f7xx_hal_flash_ex.o
LOAD ./Drivers/STM32F7xx_HAL_Driver/Src/stm32f7xx_hal_gpio.o
LOAD ./Drivers/STM32F7xx_HAL_Driver/Src/stm32f7xx_hal_i2c.o
LOAD ./Drivers/STM32F7xx_HAL_Driver/Src/stm32f7xx_hal_i2c_ex.o
LOAD ./Drivers/STM32F7xx_HAL_Driver/Src/stm32f7xx_hal_pwr.o
LOAD ./Drivers/STM32F7xx_HAL_Driver/Src/stm32f7xx_hal_pwr_ex.o
LOAD ./Drivers/STM32F7xx_HAL_Driver/Src/stm32f7xx_hal_rcc.o
LOAD ./Drivers/STM32F7xx_HAL_Driver/Src/stm32f7xx_hal_rcc_ex.o
LOAD ./Drivers/STM32F7xx_HAL_Driver/Src/stm32f7xx_hal_tim.o
LOAD ./Drivers/STM32F7xx_HAL_Driver/Src/stm32f7xx_hal_tim_ex.o
LOAD ./Drivers/STM32F7xx_HAL_Driver/Src/stm32f7xx_hal_uart.o
LOAD ./Drivers/STM32F7xx_HAL_Driver/Src/stm32f7xx_hal_uart_ex.o
START GROUP
LOAD c:/users/willi/documents/17. stm32/stm32cubeide_1.7.0/stm32cubeide/plugins/com.st.stm32cube.ide.mcu.externaltools.gnu-tools-for-stm32.9-2020-q2-update.win32_2.0.0.202105311346/tools/bin/../lib/gcc/arm-none-eabi/9.3.1/../../../../arm-none-eabi/lib/thumb/v7e-m+fp/hard\libc_nano.a
LOAD c:/users/willi/documents/17. stm32/stm32cubeide_1.7.0/stm32cubeide/plugins/com.st.stm32cube.ide.mcu.externaltools.gnu-tools-for-stm32.9-2020-q2-update.win32_2.0.0.202105311346/tools/bin/../lib/gcc/arm-none-eabi/9.3.1/../../../../arm-none-eabi/lib/thumb/v7e-m+fp/hard\libm.a
END GROUP
START GROUP
LOAD c:/users/willi/documents/17. stm32/stm32cubeide_1.7.0/stm32cubeide/plugins/com.st.stm32cube.ide.mcu.externaltools.gnu-tools-for-stm32.9-2020-q2-update.win32_2.0.0.202105311346/tools/bin/../lib/gcc/arm-none-eabi/9.3.1/thumb/v7e-m+fp/hard\libgcc.a
LOAD c:/users/willi/documents/17. stm32/stm32cubeide_1.7.0/stm32cubeide/plugins/com.st.stm32cube.ide.mcu.externaltools.gnu-tools-for-stm32.9-2020-q2-update.win32_2.0.0.202105311346/tools/bin/../lib/gcc/arm-none-eabi/9.3.1/../../../../arm-none-eabi/lib/thumb/v7e-m+fp/hard\libc_nano.a
END GROUP
START GROUP
LOAD c:/users/willi/documents/17. stm32/stm32cubeide_1.7.0/stm32cubeide/plugins/com.st.stm32cube.ide.mcu.externaltools.gnu-tools-for-stm32.9-2020-q2-update.win32_2.0.0.202105311346/tools/bin/../lib/gcc/arm-none-eabi/9.3.1/thumb/v7e-m+fp/hard\libgcc.a
LOAD c:/users/willi/documents/17. stm32/stm32cubeide_1.7.0/stm32cubeide/plugins/com.st.stm32cube.ide.mcu.externaltools.gnu-tools-for-stm32.9-2020-q2-update.win32_2.0.0.202105311346/tools/bin/../lib/gcc/arm-none-eabi/9.3.1/../../../../arm-none-eabi/lib/thumb/v7e-m+fp/hard\libc_nano.a
LOAD c:/users/willi/documents/17. stm32/stm32cubeide_1.7.0/stm32cubeide/plugins/com.st.stm32cube.ide.mcu.externaltools.gnu-tools-for-stm32.9-2020-q2-update.win32_2.0.0.202105311346/tools/bin/../lib/gcc/arm-none-eabi/9.3.1/../../../../arm-none-eabi/lib/thumb/v7e-m+fp/hard\libnosys.a
END GROUP
START GROUP
LOAD c:/users/willi/documents/17. stm32/stm32cubeide_1.7.0/stm32cubeide/plugins/com.st.stm32cube.ide.mcu.externaltools.gnu-tools-for-stm32.9-2020-q2-update.win32_2.0.0.202105311346/tools/bin/../lib/gcc/arm-none-eabi/9.3.1/thumb/v7e-m+fp/hard\libgcc.a
LOAD c:/users/willi/documents/17. stm32/stm32cubeide_1.7.0/stm32cubeide/plugins/com.st.stm32cube.ide.mcu.externaltools.gnu-tools-for-stm32.9-2020-q2-update.win32_2.0.0.202105311346/tools/bin/../lib/gcc/arm-none-eabi/9.3.1/../../../../arm-none-eabi/lib/thumb/v7e-m+fp/hard\libc_nano.a
LOAD c:/users/willi/documents/17. stm32/stm32cubeide_1.7.0/stm32cubeide/plugins/com.st.stm32cube.ide.mcu.externaltools.gnu-tools-for-stm32.9-2020-q2-update.win32_2.0.0.202105311346/tools/bin/../lib/gcc/arm-none-eabi/9.3.1/../../../../arm-none-eabi/lib/thumb/v7e-m+fp/hard\libnosys.a
END GROUP
LOAD c:/users/willi/documents/17. stm32/stm32cubeide_1.7.0/stm32cubeide/plugins/com.st.stm32cube.ide.mcu.externaltools.gnu-tools-for-stm32.9-2020-q2-update.win32_2.0.0.202105311346/tools/bin/../lib/gcc/arm-none-eabi/9.3.1/thumb/v7e-m+fp/hard/crtend.o
LOAD c:/users/willi/documents/17. stm32/stm32cubeide_1.7.0/stm32cubeide/plugins/com.st.stm32cube.ide.mcu.externaltools.gnu-tools-for-stm32.9-2020-q2-update.win32_2.0.0.202105311346/tools/bin/../lib/gcc/arm-none-eabi/9.3.1/thumb/v7e-m+fp/hard/crtn.o
                0x0000000020050000                _estack = (ORIGIN (RAM) + LENGTH (RAM))
                0x0000000000000200                _Min_Heap_Size = 0x200
                0x0000000000000400                _Min_Stack_Size = 0x400

.isr_vector     0x0000000008000000      0x1c8
                0x0000000008000000                . = ALIGN (0x4)
 *(.isr_vector)
 .isr_vector    0x0000000008000000      0x1c8 ./Core/Startup/startup_stm32f746nghx.o
                0x0000000008000000                g_pfnVectors
                0x00000000080001c8                . = ALIGN (0x4)

.text           0x00000000080001c8     0x3164
                0x00000000080001c8                . = ALIGN (0x4)
 *(.text)
 .text          0x00000000080001c8       0x40 c:/users/willi/documents/17. stm32/stm32cubeide_1.7.0/stm32cubeide/plugins/com.st.stm32cube.ide.mcu.externaltools.gnu-tools-for-stm32.9-2020-q2-update.win32_2.0.0.202105311346/tools/bin/../lib/gcc/arm-none-eabi/9.3.1/thumb/v7e-m+fp/hard/crtbegin.o
 .text          0x0000000008000208       0x30 c:/users/willi/documents/17. stm32/stm32cubeide_1.7.0/stm32cubeide/plugins/com.st.stm32cube.ide.mcu.externaltools.gnu-tools-for-stm32.9-2020-q2-update.win32_2.0.0.202105311346/tools/bin/../lib/gcc/arm-none-eabi/9.3.1/thumb/v7e-m+fp/hard\libgcc.a(_aeabi_uldivmod.o)
                0x0000000008000208                __aeabi_uldivmod
 .text          0x0000000008000238      0x2c4 c:/users/willi/documents/17. stm32/stm32cubeide_1.7.0/stm32cubeide/plugins/com.st.stm32cube.ide.mcu.externaltools.gnu-tools-for-stm32.9-2020-q2-update.win32_2.0.0.202105311346/tools/bin/../lib/gcc/arm-none-eabi/9.3.1/thumb/v7e-m+fp/hard\libgcc.a(_udivmoddi4.o)
                0x0000000008000238                __udivmoddi4
 .text          0x00000000080004fc        0x4 c:/users/willi/documents/17. stm32/stm32cubeide_1.7.0/stm32cubeide/plugins/com.st.stm32cube.ide.mcu.externaltools.gnu-tools-for-stm32.9-2020-q2-update.win32_2.0.0.202105311346/tools/bin/../lib/gcc/arm-none-eabi/9.3.1/thumb/v7e-m+fp/hard\libgcc.a(_dvmd_tls.o)
                0x00000000080004fc                __aeabi_idiv0
                0x00000000080004fc                __aeabi_ldiv0
 *(.text*)
 .text.main     0x0000000008000500       0x38 ./Core/Src/main.o
                0x0000000008000500                main
 .text.SystemClock_Config
                0x0000000008000538      0x120 ./Core/Src/main.o
                0x0000000008000538                SystemClock_Config
 .text.MX_USART1_UART_Init
                0x0000000008000658       0x60 ./Core/Src/main.o
 .text.MX_GPIO_Init
                0x00000000080006b8      0x154 ./Core/Src/main.o
 .text.spi_tranceive_bytes
                0x000000000800080c      0x120 ./Core/Src/main.o
                0x000000000800080c                spi_tranceive_bytes
 .text.SysTickDelayCount
                0x000000000800092c       0x54 ./Core/Src/main.o
                0x000000000800092c                SysTickDelayCount
 .text.HAL_TIM_PeriodElapsedCallback
                0x0000000008000980       0x24 ./Core/Src/main.o
                0x0000000008000980                HAL_TIM_PeriodElapsedCallback
 .text.Error_Handler
                0x00000000080009a4        0xa ./Core/Src/main.o
                0x00000000080009a4                Error_Handler
 *fill*         0x00000000080009ae        0x2 
 .text.HAL_MspInit
                0x00000000080009b0       0x48 ./Core/Src/stm32f7xx_hal_msp.o
                0x00000000080009b0                HAL_MspInit
 .text.HAL_UART_MspInit
                0x00000000080009f8       0xc4 ./Core/Src/stm32f7xx_hal_msp.o
                0x00000000080009f8                HAL_UART_MspInit
 .text.HAL_InitTick
                0x0000000008000abc       0xb0 ./Core/Src/stm32f7xx_hal_timebase_tim.o
                0x0000000008000abc                HAL_InitTick
 .text.NMI_Handler
                0x0000000008000b6c        0x6 ./Core/Src/stm32f7xx_it.o
                0x0000000008000b6c                NMI_Handler
 .text.HardFault_Handler
                0x0000000008000b72        0x6 ./Core/Src/stm32f7xx_it.o
                0x0000000008000b72                HardFault_Handler
 .text.MemManage_Handler
                0x0000000008000b78        0x6 ./Core/Src/stm32f7xx_it.o
                0x0000000008000b78                MemManage_Handler
 .text.BusFault_Handler
                0x0000000008000b7e        0x6 ./Core/Src/stm32f7xx_it.o
                0x0000000008000b7e                BusFault_Handler
 .text.UsageFault_Handler
                0x0000000008000b84        0x6 ./Core/Src/stm32f7xx_it.o
                0x0000000008000b84                UsageFault_Handler
 .text.SVC_Handler
                0x0000000008000b8a        0xe ./Core/Src/stm32f7xx_it.o
                0x0000000008000b8a                SVC_Handler
 .text.DebugMon_Handler
                0x0000000008000b98        0xe ./Core/Src/stm32f7xx_it.o
                0x0000000008000b98                DebugMon_Handler
 .text.PendSV_Handler
                0x0000000008000ba6        0xe ./Core/Src/stm32f7xx_it.o
                0x0000000008000ba6                PendSV_Handler
 .text.SysTick_Handler
                0x0000000008000bb4        0xe ./Core/Src/stm32f7xx_it.o
                0x0000000008000bb4                SysTick_Handler
 *fill*         0x0000000008000bc2        0x2 
 .text.TIM1_UP_TIM10_IRQHandler
                0x0000000008000bc4       0x14 ./Core/Src/stm32f7xx_it.o
                0x0000000008000bc4                TIM1_UP_TIM10_IRQHandler
 .text.SystemInit
                0x0000000008000bd8       0x24 ./Core/Src/system_stm32f7xx.o
                0x0000000008000bd8                SystemInit
 .text.Reset_Handler
                0x0000000008000bfc       0x50 ./Core/Startup/startup_stm32f746nghx.o
                0x0000000008000bfc                Reset_Handler
 .text.Default_Handler
                0x0000000008000c4c        0x2 ./Core/Startup/startup_stm32f746nghx.o
                0x0000000008000c4c                RTC_Alarm_IRQHandler
                0x0000000008000c4c                EXTI2_IRQHandler
                0x0000000008000c4c                TIM8_CC_IRQHandler
                0x0000000008000c4c                UART8_IRQHandler
                0x0000000008000c4c                SPI4_IRQHandler
                0x0000000008000c4c                TIM1_CC_IRQHandler
                0x0000000008000c4c                DMA2_Stream5_IRQHandler
                0x0000000008000c4c                DMA1_Stream5_IRQHandler
                0x0000000008000c4c                PVD_IRQHandler
                0x0000000008000c4c                TAMP_STAMP_IRQHandler
                0x0000000008000c4c                CAN2_RX1_IRQHandler
                0x0000000008000c4c                EXTI3_IRQHandler
                0x0000000008000c4c                TIM8_TRG_COM_TIM14_IRQHandler
                0x0000000008000c4c                TIM8_UP_TIM13_IRQHandler
                0x0000000008000c4c                I2C3_ER_IRQHandler
                0x0000000008000c4c                EXTI0_IRQHandler
                0x0000000008000c4c                I2C2_EV_IRQHandler
                0x0000000008000c4c                DMA1_Stream2_IRQHandler
                0x0000000008000c4c                CAN1_RX0_IRQHandler
                0x0000000008000c4c                FPU_IRQHandler
                0x0000000008000c4c                OTG_HS_WKUP_IRQHandler
                0x0000000008000c4c                LTDC_ER_IRQHandler
                0x0000000008000c4c                CAN2_SCE_IRQHandler
                0x0000000008000c4c                DMA2_Stream2_IRQHandler
                0x0000000008000c4c                SPI1_IRQHandler
                0x0000000008000c4c                TIM6_DAC_IRQHandler
                0x0000000008000c4c                TIM1_BRK_TIM9_IRQHandler
                0x0000000008000c4c                DCMI_IRQHandler
                0x0000000008000c4c                CAN2_RX0_IRQHandler
                0x0000000008000c4c                DMA2_Stream3_IRQHandler
                0x0000000008000c4c                SAI2_IRQHandler
                0x0000000008000c4c                USART6_IRQHandler
                0x0000000008000c4c                USART3_IRQHandler
                0x0000000008000c4c                CAN1_RX1_IRQHandler
                0x0000000008000c4c                UART5_IRQHandler
                0x0000000008000c4c                DMA2_Stream0_IRQHandler
                0x0000000008000c4c                TIM4_IRQHandler
                0x0000000008000c4c                QUADSPI_IRQHandler
                0x0000000008000c4c                I2C1_EV_IRQHandler
                0x0000000008000c4c                DMA1_Stream6_IRQHandler
                0x0000000008000c4c                DMA1_Stream1_IRQHandler
                0x0000000008000c4c                UART4_IRQHandler
                0x0000000008000c4c                TIM3_IRQHandler
                0x0000000008000c4c                RCC_IRQHandler
                0x0000000008000c4c                TIM8_BRK_TIM12_IRQHandler
                0x0000000008000c4c                Default_Handler
                0x0000000008000c4c                CEC_IRQHandler
                0x0000000008000c4c                EXTI15_10_IRQHandler
                0x0000000008000c4c                ADC_IRQHandler
                0x0000000008000c4c                DMA1_Stream7_IRQHandler
                0x0000000008000c4c                SPI5_IRQHandler
                0x0000000008000c4c                TIM7_IRQHandler
                0x0000000008000c4c                SDMMC1_IRQHandler
                0x0000000008000c4c                CAN2_TX_IRQHandler
                0x0000000008000c4c                TIM5_IRQHandler
                0x0000000008000c4c                DMA2_Stream7_IRQHandler
                0x0000000008000c4c                I2C3_EV_IRQHandler
                0x0000000008000c4c                EXTI9_5_IRQHandler
                0x0000000008000c4c                RTC_WKUP_IRQHandler
                0x0000000008000c4c                LTDC_IRQHandler
                0x0000000008000c4c                ETH_WKUP_IRQHandler
                0x0000000008000c4c                SPDIF_RX_IRQHandler
                0x0000000008000c4c                SPI2_IRQHandler
                0x0000000008000c4c                OTG_HS_EP1_IN_IRQHandler
                0x0000000008000c4c                DMA1_Stream0_IRQHandler
                0x0000000008000c4c                CAN1_TX_IRQHandler
                0x0000000008000c4c                EXTI4_IRQHandler
                0x0000000008000c4c                RNG_IRQHandler
                0x0000000008000c4c                ETH_IRQHandler
                0x0000000008000c4c                OTG_HS_EP1_OUT_IRQHandler
                0x0000000008000c4c                WWDG_IRQHandler
                0x0000000008000c4c                SPI6_IRQHandler
                0x0000000008000c4c                I2C4_EV_IRQHandler
                0x0000000008000c4c                TIM2_IRQHandler
                0x0000000008000c4c                OTG_FS_WKUP_IRQHandler
                0x0000000008000c4c                TIM1_TRG_COM_TIM11_IRQHandler
                0x0000000008000c4c                OTG_HS_IRQHandler
                0x0000000008000c4c                DMA2D_IRQHandler
                0x0000000008000c4c                EXTI1_IRQHandler
                0x0000000008000c4c                UART7_IRQHandler
                0x0000000008000c4c                USART2_IRQHandler
                0x0000000008000c4c                I2C2_ER_IRQHandler
                0x0000000008000c4c                DMA2_Stream1_IRQHandler
                0x0000000008000c4c                CAN1_SCE_IRQHandler
                0x0000000008000c4c                FLASH_IRQHandler
                0x0000000008000c4c                DMA2_Stream4_IRQHandler
                0x0000000008000c4c                USART1_IRQHandler
                0x0000000008000c4c                OTG_FS_IRQHandler
                0x0000000008000c4c                SPI3_IRQHandler
                0x0000000008000c4c                DMA1_Stream4_IRQHandler
                0x0000000008000c4c                I2C1_ER_IRQHandler
                0x0000000008000c4c                FMC_IRQHandler
                0x0000000008000c4c                LPTIM1_IRQHandler
                0x0000000008000c4c                I2C4_ER_IRQHandler
                0x0000000008000c4c                DMA2_Stream6_IRQHandler
                0x0000000008000c4c                SAI1_IRQHandler
                0x0000000008000c4c                DMA1_Stream3_IRQHandler
 .text.HAL_Init
                0x0000000008000c4e       0x1a ./Drivers/STM32F7xx_HAL_Driver/Src/stm32f7xx_hal.o
                0x0000000008000c4e                HAL_Init
 .text.HAL_IncTick
                0x0000000008000c68       0x28 ./Drivers/STM32F7xx_HAL_Driver/Src/stm32f7xx_hal.o
                0x0000000008000c68                HAL_IncTick
 .text.HAL_GetTick
                0x0000000008000c90       0x18 ./Drivers/STM32F7xx_HAL_Driver/Src/stm32f7xx_hal.o
                0x0000000008000c90                HAL_GetTick
 .text.HAL_Delay
                0x0000000008000ca8       0x48 ./Drivers/STM32F7xx_HAL_Driver/Src/stm32f7xx_hal.o
                0x0000000008000ca8                HAL_Delay
 .text.__NVIC_SetPriorityGrouping
                0x0000000008000cf0       0x48 ./Drivers/STM32F7xx_HAL_Driver/Src/stm32f7xx_hal_cortex.o
 .text.__NVIC_GetPriorityGrouping
                0x0000000008000d38       0x1c ./Drivers/STM32F7xx_HAL_Driver/Src/stm32f7xx_hal_cortex.o
 .text.__NVIC_EnableIRQ
                0x0000000008000d54       0x3c ./Drivers/STM32F7xx_HAL_Driver/Src/stm32f7xx_hal_cortex.o
 .text.__NVIC_SetPriority
                0x0000000008000d90       0x54 ./Drivers/STM32F7xx_HAL_Driver/Src/stm32f7xx_hal_cortex.o
 .text.NVIC_EncodePriority
                0x0000000008000de4       0x66 ./Drivers/STM32F7xx_HAL_Driver/Src/stm32f7xx_hal_cortex.o
 .text.HAL_NVIC_SetPriorityGrouping
                0x0000000008000e4a       0x16 ./Drivers/STM32F7xx_HAL_Driver/Src/stm32f7xx_hal_cortex.o
                0x0000000008000e4a                HAL_NVIC_SetPriorityGrouping
 .text.HAL_NVIC_SetPriority
                0x0000000008000e60       0x38 ./Drivers/STM32F7xx_HAL_Driver/Src/stm32f7xx_hal_cortex.o
                0x0000000008000e60                HAL_NVIC_SetPriority
 .text.HAL_NVIC_EnableIRQ
                0x0000000008000e98       0x1c ./Drivers/STM32F7xx_HAL_Driver/Src/stm32f7xx_hal_cortex.o
                0x0000000008000e98                HAL_NVIC_EnableIRQ
 .text.HAL_GPIO_Init
                0x0000000008000eb4      0x358 ./Drivers/STM32F7xx_HAL_Driver/Src/stm32f7xx_hal_gpio.o
                0x0000000008000eb4                HAL_GPIO_Init
 .text.HAL_GPIO_ReadPin
                0x000000000800120c       0x30 ./Drivers/STM32F7xx_HAL_Driver/Src/stm32f7xx_hal_gpio.o
                0x000000000800120c                HAL_GPIO_ReadPin
 .text.HAL_GPIO_WritePin
                0x000000000800123c       0x32 ./Drivers/STM32F7xx_HAL_Driver/Src/stm32f7xx_hal_gpio.o
                0x000000000800123c                HAL_GPIO_WritePin
 *fill*         0x000000000800126e        0x2 
 .text.HAL_PWR_EnableBkUpAccess
                0x0000000008001270       0x20 ./Drivers/STM32F7xx_HAL_Driver/Src/stm32f7xx_hal_pwr.o
                0x0000000008001270                HAL_PWR_EnableBkUpAccess
 .text.HAL_PWREx_EnableOverDrive
                0x0000000008001290       0xa0 ./Drivers/STM32F7xx_HAL_Driver/Src/stm32f7xx_hal_pwr_ex.o
                0x0000000008001290                HAL_PWREx_EnableOverDrive
 .text.HAL_RCC_OscConfig
                0x0000000008001330      0x548 ./Drivers/STM32F7xx_HAL_Driver/Src/stm32f7xx_hal_rcc.o
                0x0000000008001330                HAL_RCC_OscConfig
 .text.HAL_RCC_ClockConfig
                0x0000000008001878      0x1d8 ./Drivers/STM32F7xx_HAL_Driver/Src/stm32f7xx_hal_rcc.o
                0x0000000008001878                HAL_RCC_ClockConfig
 .text.HAL_RCC_GetSysClockFreq
                0x0000000008001a50      0x16c ./Drivers/STM32F7xx_HAL_Driver/Src/stm32f7xx_hal_rcc.o
                0x0000000008001a50                HAL_RCC_GetSysClockFreq
 .text.HAL_RCC_GetHCLKFreq
                0x0000000008001bbc       0x18 ./Drivers/STM32F7xx_HAL_Driver/Src/stm32f7xx_hal_rcc.o
                0x0000000008001bbc                HAL_RCC_GetHCLKFreq
 .text.HAL_RCC_GetPCLK1Freq
                0x0000000008001bd4       0x28 ./Drivers/STM32F7xx_HAL_Driver/Src/stm32f7xx_hal_rcc.o
                0x0000000008001bd4                HAL_RCC_GetPCLK1Freq
 .text.HAL_RCC_GetPCLK2Freq
                0x0000000008001bfc       0x28 ./Drivers/STM32F7xx_HAL_Driver/Src/stm32f7xx_hal_rcc.o
                0x0000000008001bfc                HAL_RCC_GetPCLK2Freq
 .text.HAL_RCC_GetClockConfig
                0x0000000008001c24       0x64 ./Drivers/STM32F7xx_HAL_Driver/Src/stm32f7xx_hal_rcc.o
                0x0000000008001c24                HAL_RCC_GetClockConfig
 .text.HAL_RCCEx_PeriphCLKConfig
                0x0000000008001c88      0x7e0 ./Drivers/STM32F7xx_HAL_Driver/Src/stm32f7xx_hal_rcc_ex.o
                0x0000000008001c88                HAL_RCCEx_PeriphCLKConfig
 .text.HAL_TIM_Base_Init
                0x0000000008002468       0xae ./Drivers/STM32F7xx_HAL_Driver/Src/stm32f7xx_hal_tim.o
                0x0000000008002468                HAL_TIM_Base_Init
 .text.HAL_TIM_Base_MspInit
                0x0000000008002516       0x14 ./Drivers/STM32F7xx_HAL_Driver/Src/stm32f7xx_hal_tim.o
                0x0000000008002516                HAL_TIM_Base_MspInit
 *fill*         0x000000000800252a        0x2 
 .text.HAL_TIM_Base_Start_IT
                0x000000000800252c       0xf0 ./Drivers/STM32F7xx_HAL_Driver/Src/stm32f7xx_hal_tim.o
                0x000000000800252c                HAL_TIM_Base_Start_IT
 .text.HAL_TIM_IRQHandler
                0x000000000800261c      0x23e ./Drivers/STM32F7xx_HAL_Driver/Src/stm32f7xx_hal_tim.o
                0x000000000800261c                HAL_TIM_IRQHandler
 .text.HAL_TIM_OC_DelayElapsedCallback
                0x000000000800285a       0x14 ./Drivers/STM32F7xx_HAL_Driver/Src/stm32f7xx_hal_tim.o
                0x000000000800285a                HAL_TIM_OC_DelayElapsedCallback
 .text.HAL_TIM_IC_CaptureCallback
                0x000000000800286e       0x14 ./Drivers/STM32F7xx_HAL_Driver/Src/stm32f7xx_hal_tim.o
                0x000000000800286e                HAL_TIM_IC_CaptureCallback
 .text.HAL_TIM_PWM_PulseFinishedCallback
                0x0000000008002882       0x14 ./Drivers/STM32F7xx_HAL_Driver/Src/stm32f7xx_hal_tim.o
                0x0000000008002882                HAL_TIM_PWM_PulseFinishedCallback
 .text.HAL_TIM_TriggerCallback
                0x0000000008002896       0x14 ./Drivers/STM32F7xx_HAL_Driver/Src/stm32f7xx_hal_tim.o
                0x0000000008002896                HAL_TIM_TriggerCallback
 *fill*         0x00000000080028aa        0x2 
 .text.TIM_Base_SetConfig
                0x00000000080028ac      0x140 ./Drivers/STM32F7xx_HAL_Driver/Src/stm32f7xx_hal_tim.o
                0x00000000080028ac                TIM_Base_SetConfig
 .text.HAL_TIMEx_CommutCallback
                0x00000000080029ec       0x14 ./Drivers/STM32F7xx_HAL_Driver/Src/stm32f7xx_hal_tim_ex.o
                0x00000000080029ec                HAL_TIMEx_CommutCallback
 .text.HAL_TIMEx_BreakCallback
                0x0000000008002a00       0x14 ./Drivers/STM32F7xx_HAL_Driver/Src/stm32f7xx_hal_tim_ex.o
                0x0000000008002a00                HAL_TIMEx_BreakCallback
 .text.HAL_TIMEx_Break2Callback
                0x0000000008002a14       0x14 ./Drivers/STM32F7xx_HAL_Driver/Src/stm32f7xx_hal_tim_ex.o
                0x0000000008002a14                HAL_TIMEx_Break2Callback
 .text.HAL_UART_Init
                0x0000000008002a28       0x9c ./Drivers/STM32F7xx_HAL_Driver/Src/stm32f7xx_hal_uart.o
                0x0000000008002a28                HAL_UART_Init
 .text.UART_SetConfig
                0x0000000008002ac4      0x4c4 ./Drivers/STM32F7xx_HAL_Driver/Src/stm32f7xx_hal_uart.o
                0x0000000008002ac4                UART_SetConfig
 .text.UART_AdvFeatureConfig
                0x0000000008002f88      0x144 ./Drivers/STM32F7xx_HAL_Driver/Src/stm32f7xx_hal_uart.o
                0x0000000008002f88                UART_AdvFeatureConfig
 .text.UART_CheckIdleState
                0x00000000080030cc       0x66 ./Drivers/STM32F7xx_HAL_Driver/Src/stm32f7xx_hal_uart.o
                0x00000000080030cc                UART_CheckIdleState
 .text.UART_WaitOnFlagUntilTimeout
                0x0000000008003132      0x188 ./Drivers/STM32F7xx_HAL_Driver/Src/stm32f7xx_hal_uart.o
                0x0000000008003132                UART_WaitOnFlagUntilTimeout
 *fill*         0x00000000080032ba        0x2 
 .text.__libc_init_array
                0x00000000080032bc       0x48 c:/users/willi/documents/17. stm32/stm32cubeide_1.7.0/stm32cubeide/plugins/com.st.stm32cube.ide.mcu.externaltools.gnu-tools-for-stm32.9-2020-q2-update.win32_2.0.0.202105311346/tools/bin/../lib/gcc/arm-none-eabi/9.3.1/../../../../arm-none-eabi/lib/thumb/v7e-m+fp/hard\libc_nano.a(lib_a-init.o)
                0x00000000080032bc                __libc_init_array
 .text.memset   0x0000000008003304       0x10 c:/users/willi/documents/17. stm32/stm32cubeide_1.7.0/stm32cubeide/plugins/com.st.stm32cube.ide.mcu.externaltools.gnu-tools-for-stm32.9-2020-q2-update.win32_2.0.0.202105311346/tools/bin/../lib/gcc/arm-none-eabi/9.3.1/../../../../arm-none-eabi/lib/thumb/v7e-m+fp/hard\libc_nano.a(lib_a-memset.o)
                0x0000000008003304                memset
 *(.glue_7)
 .glue_7        0x0000000008003314        0x0 linker stubs
 *(.glue_7t)
 .glue_7t       0x0000000008003314        0x0 linker stubs
 *(.eh_frame)
 .eh_frame      0x0000000008003314        0x0 c:/users/willi/documents/17. stm32/stm32cubeide_1.7.0/stm32cubeide/plugins/com.st.stm32cube.ide.mcu.externaltools.gnu-tools-for-stm32.9-2020-q2-update.win32_2.0.0.202105311346/tools/bin/../lib/gcc/arm-none-eabi/9.3.1/thumb/v7e-m+fp/hard/crtbegin.o
 *(.init)
 .init          0x0000000008003314        0x4 c:/users/willi/documents/17. stm32/stm32cubeide_1.7.0/stm32cubeide/plugins/com.st.stm32cube.ide.mcu.externaltools.gnu-tools-for-stm32.9-2020-q2-update.win32_2.0.0.202105311346/tools/bin/../lib/gcc/arm-none-eabi/9.3.1/thumb/v7e-m+fp/hard/crti.o
                0x0000000008003314                _init
 .init          0x0000000008003318        0x8 c:/users/willi/documents/17. stm32/stm32cubeide_1.7.0/stm32cubeide/plugins/com.st.stm32cube.ide.mcu.externaltools.gnu-tools-for-stm32.9-2020-q2-update.win32_2.0.0.202105311346/tools/bin/../lib/gcc/arm-none-eabi/9.3.1/thumb/v7e-m+fp/hard/crtn.o
 *(.fini)
 .fini          0x0000000008003320        0x4 c:/users/willi/documents/17. stm32/stm32cubeide_1.7.0/stm32cubeide/plugins/com.st.stm32cube.ide.mcu.externaltools.gnu-tools-for-stm32.9-2020-q2-update.win32_2.0.0.202105311346/tools/bin/../lib/gcc/arm-none-eabi/9.3.1/thumb/v7e-m+fp/hard/crti.o
                0x0000000008003320                _fini
 .fini          0x0000000008003324        0x8 c:/users/willi/documents/17. stm32/stm32cubeide_1.7.0/stm32cubeide/plugins/com.st.stm32cube.ide.mcu.externaltools.gnu-tools-for-stm32.9-2020-q2-update.win32_2.0.0.202105311346/tools/bin/../lib/gcc/arm-none-eabi/9.3.1/thumb/v7e-m+fp/hard/crtn.o
                0x000000000800332c                . = ALIGN (0x4)
                0x000000000800332c                _etext = .

.vfp11_veneer   0x000000000800332c        0x0
 .vfp11_veneer  0x000000000800332c        0x0 linker stubs

.v4_bx          0x000000000800332c        0x0
 .v4_bx         0x000000000800332c        0x0 linker stubs

.iplt           0x000000000800332c        0x0
 .iplt          0x000000000800332c        0x0 c:/users/willi/documents/17. stm32/stm32cubeide_1.7.0/stm32cubeide/plugins/com.st.stm32cube.ide.mcu.externaltools.gnu-tools-for-stm32.9-2020-q2-update.win32_2.0.0.202105311346/tools/bin/../lib/gcc/arm-none-eabi/9.3.1/thumb/v7e-m+fp/hard/crtbegin.o

.rodata         0x000000000800332c       0x18
                0x000000000800332c                . = ALIGN (0x4)
 *(.rodata)
 *(.rodata*)
 .rodata.AHBPrescTable
                0x000000000800332c       0x10 ./Core/Src/system_stm32f7xx.o
                0x000000000800332c                AHBPrescTable
 .rodata.APBPrescTable
                0x000000000800333c        0x8 ./Core/Src/system_stm32f7xx.o
                0x000000000800333c                APBPrescTable
                0x0000000008003344                . = ALIGN (0x4)

.ARM.extab      0x0000000008003344        0x0
                0x0000000008003344                . = ALIGN (0x4)
 *(.ARM.extab* .gnu.linkonce.armextab.*)
                0x0000000008003344                . = ALIGN (0x4)

.ARM            0x0000000008003344        0x8
                0x0000000008003344                . = ALIGN (0x4)
                0x0000000008003344                __exidx_start = .
 *(.ARM.exidx*)
 .ARM.exidx     0x0000000008003344        0x8 c:/users/willi/documents/17. stm32/stm32cubeide_1.7.0/stm32cubeide/plugins/com.st.stm32cube.ide.mcu.externaltools.gnu-tools-for-stm32.9-2020-q2-update.win32_2.0.0.202105311346/tools/bin/../lib/gcc/arm-none-eabi/9.3.1/thumb/v7e-m+fp/hard\libgcc.a(_udivmoddi4.o)
                0x000000000800334c                __exidx_end = .
                0x000000000800334c                . = ALIGN (0x4)

.rel.dyn        0x000000000800334c        0x0
 .rel.iplt      0x000000000800334c        0x0 c:/users/willi/documents/17. stm32/stm32cubeide_1.7.0/stm32cubeide/plugins/com.st.stm32cube.ide.mcu.externaltools.gnu-tools-for-stm32.9-2020-q2-update.win32_2.0.0.202105311346/tools/bin/../lib/gcc/arm-none-eabi/9.3.1/thumb/v7e-m+fp/hard/crtbegin.o

.preinit_array  0x000000000800334c        0x0
                0x000000000800334c                . = ALIGN (0x4)
                0x000000000800334c                PROVIDE (__preinit_array_start = .)
 *(.preinit_array*)
                0x000000000800334c                PROVIDE (__preinit_array_end = .)
                0x000000000800334c                . = ALIGN (0x4)

.init_array     0x000000000800334c        0x4
                0x000000000800334c                . = ALIGN (0x4)
                0x000000000800334c                PROVIDE (__init_array_start = .)
 *(SORT_BY_NAME(.init_array.*))
 *(.init_array*)
 .init_array    0x000000000800334c        0x4 c:/users/willi/documents/17. stm32/stm32cubeide_1.7.0/stm32cubeide/plugins/com.st.stm32cube.ide.mcu.externaltools.gnu-tools-for-stm32.9-2020-q2-update.win32_2.0.0.202105311346/tools/bin/../lib/gcc/arm-none-eabi/9.3.1/thumb/v7e-m+fp/hard/crtbegin.o
                0x0000000008003350                PROVIDE (__init_array_end = .)
                0x0000000008003350                . = ALIGN (0x4)

.fini_array     0x0000000008003350        0x4
                0x0000000008003350                . = ALIGN (0x4)
                [!provide]                        PROVIDE (__fini_array_start = .)
 *(SORT_BY_NAME(.fini_array.*))
 *(.fini_array*)
 .fini_array    0x0000000008003350        0x4 c:/users/willi/documents/17. stm32/stm32cubeide_1.7.0/stm32cubeide/plugins/com.st.stm32cube.ide.mcu.externaltools.gnu-tools-for-stm32.9-2020-q2-update.win32_2.0.0.202105311346/tools/bin/../lib/gcc/arm-none-eabi/9.3.1/thumb/v7e-m+fp/hard/crtbegin.o
                [!provide]                        PROVIDE (__fini_array_end = .)
                0x0000000008003354                . = ALIGN (0x4)
                0x0000000008003354                _sidata = LOADADDR (.data)

.data           0x0000000020000000        0xc load address 0x0000000008003354
                0x0000000020000000                . = ALIGN (0x4)
                0x0000000020000000                _sdata = .
 *(.data)
 *(.data*)
 .data.SystemCoreClock
                0x0000000020000000        0x4 ./Core/Src/system_stm32f7xx.o
                0x0000000020000000                SystemCoreClock
 .data.uwTickPrio
                0x0000000020000004        0x4 ./Drivers/STM32F7xx_HAL_Driver/Src/stm32f7xx_hal.o
                0x0000000020000004                uwTickPrio
 .data.uwTickFreq
                0x0000000020000008        0x1 ./Drivers/STM32F7xx_HAL_Driver/Src/stm32f7xx_hal.o
                0x0000000020000008                uwTickFreq
 *(.RamFunc)
 *(.RamFunc*)
                0x000000002000000c                . = ALIGN (0x4)
 *fill*         0x0000000020000009        0x3 
                0x000000002000000c                _edata = .

.igot.plt       0x000000002000000c        0x0 load address 0x0000000008003360
 .igot.plt      0x000000002000000c        0x0 c:/users/willi/documents/17. stm32/stm32cubeide_1.7.0/stm32cubeide/plugins/com.st.stm32cube.ide.mcu.externaltools.gnu-tools-for-stm32.9-2020-q2-update.win32_2.0.0.202105311346/tools/bin/../lib/gcc/arm-none-eabi/9.3.1/thumb/v7e-m+fp/hard/crtbegin.o
                0x000000002000000c                . = ALIGN (0x4)

.bss            0x000000002000000c       0xf0 load address 0x0000000008003360
                0x000000002000000c                _sbss = .
                0x000000002000000c                __bss_start__ = _sbss
 *(.bss)
 .bss           0x000000002000000c       0x1c c:/users/willi/documents/17. stm32/stm32cubeide_1.7.0/stm32cubeide/plugins/com.st.stm32cube.ide.mcu.externaltools.gnu-tools-for-stm32.9-2020-q2-update.win32_2.0.0.202105311346/tools/bin/../lib/gcc/arm-none-eabi/9.3.1/thumb/v7e-m+fp/hard/crtbegin.o
 *(.bss*)
 *(COMMON)
 COMMON         0x0000000020000028       0x84 ./Core/Src/main.o
                0x0000000020000028                huart1
 COMMON         0x00000000200000ac       0x4c ./Core/Src/stm32f7xx_hal_timebase_tim.o
                0x00000000200000ac                htim1
 COMMON         0x00000000200000f8        0x4 ./Drivers/STM32F7xx_HAL_Driver/Src/stm32f7xx_hal.o
                0x00000000200000f8                uwTick
                0x00000000200000fc                . = ALIGN (0x4)
                0x00000000200000fc                _ebss = .
                0x00000000200000fc                __bss_end__ = _ebss

._user_heap_stack
                0x00000000200000fc      0x604 load address 0x0000000008003360
                0x0000000020000100                . = ALIGN (0x8)
 *fill*         0x00000000200000fc        0x4 
                [!provide]                        PROVIDE (end = .)
                0x0000000020000100                PROVIDE (_end = .)
                0x0000000020000300                . = (. + _Min_Heap_Size)
 *fill*         0x0000000020000100      0x200 
                0x0000000020000700                . = (. + _Min_Stack_Size)
 *fill*         0x0000000020000300      0x400 
                0x0000000020000700                . = ALIGN (0x8)

/DISCARD/
 libc.a(*)
 libm.a(*)
 libgcc.a(*)

.ARM.attributes
                0x0000000000000000       0x30
 *(.ARM.attributes)
 .ARM.attributes
                0x0000000000000000       0x1e c:/users/willi/documents/17. stm32/stm32cubeide_1.7.0/stm32cubeide/plugins/com.st.stm32cube.ide.mcu.externaltools.gnu-tools-for-stm32.9-2020-q2-update.win32_2.0.0.202105311346/tools/bin/../lib/gcc/arm-none-eabi/9.3.1/thumb/v7e-m+fp/hard/crti.o
 .ARM.attributes
                0x000000000000001e       0x34 c:/users/willi/documents/17. stm32/stm32cubeide_1.7.0/stm32cubeide/plugins/com.st.stm32cube.ide.mcu.externaltools.gnu-tools-for-stm32.9-2020-q2-update.win32_2.0.0.202105311346/tools/bin/../lib/gcc/arm-none-eabi/9.3.1/thumb/v7e-m+fp/hard/crtbegin.o
 .ARM.attributes
                0x0000000000000052       0x34 ./Core/Src/main.o
 .ARM.attributes
                0x0000000000000086       0x34 ./Core/Src/stm32f7xx_hal_msp.o
 .ARM.attributes
                0x00000000000000ba       0x34 ./Core/Src/stm32f7xx_hal_timebase_tim.o
 .ARM.attributes
                0x00000000000000ee       0x34 ./Core/Src/stm32f7xx_it.o
 .ARM.attributes
                0x0000000000000122       0x34 ./Core/Src/system_stm32f7xx.o
 .ARM.attributes
                0x0000000000000156       0x21 ./Core/Startup/startup_stm32f746nghx.o
 .ARM.attributes
                0x0000000000000177       0x34 ./Drivers/STM32F7xx_HAL_Driver/Src/stm32f7xx_hal.o
 .ARM.attributes
                0x00000000000001ab       0x34 ./Drivers/STM32F7xx_HAL_Driver/Src/stm32f7xx_hal_cortex.o
 .ARM.attributes
                0x00000000000001df       0x34 ./Drivers/STM32F7xx_HAL_Driver/Src/stm32f7xx_hal_gpio.o
 .ARM.attributes
                0x0000000000000213       0x34 ./Drivers/STM32F7xx_HAL_Driver/Src/stm32f7xx_hal_pwr.o
 .ARM.attributes
                0x0000000000000247       0x34 ./Drivers/STM32F7xx_HAL_Driver/Src/stm32f7xx_hal_pwr_ex.o
 .ARM.attributes
                0x000000000000027b       0x34 ./Drivers/STM32F7xx_HAL_Driver/Src/stm32f7xx_hal_rcc.o
 .ARM.attributes
                0x00000000000002af       0x34 ./Drivers/STM32F7xx_HAL_Driver/Src/stm32f7xx_hal_rcc_ex.o
 .ARM.attributes
                0x00000000000002e3       0x34 ./Drivers/STM32F7xx_HAL_Driver/Src/stm32f7xx_hal_tim.o
 .ARM.attributes
                0x0000000000000317       0x34 ./Drivers/STM32F7xx_HAL_Driver/Src/stm32f7xx_hal_tim_ex.o
 .ARM.attributes
                0x000000000000034b       0x34 ./Drivers/STM32F7xx_HAL_Driver/Src/stm32f7xx_hal_uart.o
 .ARM.attributes
                0x000000000000037f       0x34 c:/users/willi/documents/17. stm32/stm32cubeide_1.7.0/stm32cubeide/plugins/com.st.stm32cube.ide.mcu.externaltools.gnu-tools-for-stm32.9-2020-q2-update.win32_2.0.0.202105311346/tools/bin/../lib/gcc/arm-none-eabi/9.3.1/../../../../arm-none-eabi/lib/thumb/v7e-m+fp/hard\libc_nano.a(lib_a-init.o)
 .ARM.attributes
                0x00000000000003b3       0x34 c:/users/willi/documents/17. stm32/stm32cubeide_1.7.0/stm32cubeide/plugins/com.st.stm32cube.ide.mcu.externaltools.gnu-tools-for-stm32.9-2020-q2-update.win32_2.0.0.202105311346/tools/bin/../lib/gcc/arm-none-eabi/9.3.1/../../../../arm-none-eabi/lib/thumb/v7e-m+fp/hard\libc_nano.a(lib_a-memset.o)
 .ARM.attributes
                0x00000000000003e7       0x1e c:/users/willi/documents/17. stm32/stm32cubeide_1.7.0/stm32cubeide/plugins/com.st.stm32cube.ide.mcu.externaltools.gnu-tools-for-stm32.9-2020-q2-update.win32_2.0.0.202105311346/tools/bin/../lib/gcc/arm-none-eabi/9.3.1/thumb/v7e-m+fp/hard\libgcc.a(_aeabi_uldivmod.o)
 .ARM.attributes
                0x0000000000000405       0x34 c:/users/willi/documents/17. stm32/stm32cubeide_1.7.0/stm32cubeide/plugins/com.st.stm32cube.ide.mcu.externaltools.gnu-tools-for-stm32.9-2020-q2-update.win32_2.0.0.202105311346/tools/bin/../lib/gcc/arm-none-eabi/9.3.1/thumb/v7e-m+fp/hard\libgcc.a(_udivmoddi4.o)
 .ARM.attributes
                0x0000000000000439       0x1e c:/users/willi/documents/17. stm32/stm32cubeide_1.7.0/stm32cubeide/plugins/com.st.stm32cube.ide.mcu.externaltools.gnu-tools-for-stm32.9-2020-q2-update.win32_2.0.0.202105311346/tools/bin/../lib/gcc/arm-none-eabi/9.3.1/thumb/v7e-m+fp/hard\libgcc.a(_dvmd_tls.o)
 .ARM.attributes
                0x0000000000000457       0x1e c:/users/willi/documents/17. stm32/stm32cubeide_1.7.0/stm32cubeide/plugins/com.st.stm32cube.ide.mcu.externaltools.gnu-tools-for-stm32.9-2020-q2-update.win32_2.0.0.202105311346/tools/bin/../lib/gcc/arm-none-eabi/9.3.1/thumb/v7e-m+fp/hard/crtn.o
OUTPUT(LAB4.elf elf32-littlearm)
LOAD linker stubs
LOAD c:/users/willi/documents/17. stm32/stm32cubeide_1.7.0/stm32cubeide/plugins/com.st.stm32cube.ide.mcu.externaltools.gnu-tools-for-stm32.9-2020-q2-update.win32_2.0.0.202105311346/tools/bin/../lib/gcc/arm-none-eabi/9.3.1/../../../../arm-none-eabi/lib/thumb/v7e-m+fp/hard\libc.a
LOAD c:/users/willi/documents/17. stm32/stm32cubeide_1.7.0/stm32cubeide/plugins/com.st.stm32cube.ide.mcu.externaltools.gnu-tools-for-stm32.9-2020-q2-update.win32_2.0.0.202105311346/tools/bin/../lib/gcc/arm-none-eabi/9.3.1/../../../../arm-none-eabi/lib/thumb/v7e-m+fp/hard\libm.a
LOAD c:/users/willi/documents/17. stm32/stm32cubeide_1.7.0/stm32cubeide/plugins/com.st.stm32cube.ide.mcu.externaltools.gnu-tools-for-stm32.9-2020-q2-update.win32_2.0.0.202105311346/tools/bin/../lib/gcc/arm-none-eabi/9.3.1/thumb/v7e-m+fp/hard\libgcc.a

.debug_info     0x0000000000000000    0x11360
 .debug_info    0x0000000000000000     0x203d ./Core/Src/main.o
 .debug_info    0x000000000000203d      0xb33 ./Core/Src/stm32f7xx_hal_msp.o
 .debug_info    0x0000000000002b70      0xd41 ./Core/Src/stm32f7xx_hal_timebase_tim.o
 .debug_info    0x00000000000038b1      0x84c ./Core/Src/stm32f7xx_it.o
 .debug_info    0x00000000000040fd      0x7ad ./Core/Src/system_stm32f7xx.o
 .debug_info    0x00000000000048aa       0x22 ./Core/Startup/startup_stm32f746nghx.o
 .debug_info    0x00000000000048cc      0xa42 ./Drivers/STM32F7xx_HAL_Driver/Src/stm32f7xx_hal.o
 .debug_info    0x000000000000530e     0x1116 ./Drivers/STM32F7xx_HAL_Driver/Src/stm32f7xx_hal_cortex.o
 .debug_info    0x0000000000006424      0x868 ./Drivers/STM32F7xx_HAL_Driver/Src/stm32f7xx_hal_gpio.o
 .debug_info    0x0000000000006c8c      0xa4c ./Drivers/STM32F7xx_HAL_Driver/Src/stm32f7xx_hal_pwr.o
 .debug_info    0x00000000000076d8      0x9f6 ./Drivers/STM32F7xx_HAL_Driver/Src/stm32f7xx_hal_pwr_ex.o
 .debug_info    0x00000000000080ce      0x9cc ./Drivers/STM32F7xx_HAL_Driver/Src/stm32f7xx_hal_rcc.o
 .debug_info    0x0000000000008a9a      0x82c ./Drivers/STM32F7xx_HAL_Driver/Src/stm32f7xx_hal_rcc_ex.o
 .debug_info    0x00000000000092c6     0x2d3e ./Drivers/STM32F7xx_HAL_Driver/Src/stm32f7xx_hal_tim.o
 .debug_info    0x000000000000c004     0x1688 ./Drivers/STM32F7xx_HAL_Driver/Src/stm32f7xx_hal_tim_ex.o
 .debug_info    0x000000000000d68c     0x3cd4 ./Drivers/STM32F7xx_HAL_Driver/Src/stm32f7xx_hal_uart.o

.debug_abbrev   0x0000000000000000     0x201c
 .debug_abbrev  0x0000000000000000      0x362 ./Core/Src/main.o
 .debug_abbrev  0x0000000000000362      0x1ac ./Core/Src/stm32f7xx_hal_msp.o
 .debug_abbrev  0x000000000000050e      0x1bf ./Core/Src/stm32f7xx_hal_timebase_tim.o
 .debug_abbrev  0x00000000000006cd      0x176 ./Core/Src/stm32f7xx_it.o
 .debug_abbrev  0x0000000000000843      0x165 ./Core/Src/system_stm32f7xx.o
 .debug_abbrev  0x00000000000009a8       0x12 ./Core/Startup/startup_stm32f746nghx.o
 .debug_abbrev  0x00000000000009ba      0x1ed ./Drivers/STM32F7xx_HAL_Driver/Src/stm32f7xx_hal.o
 .debug_abbrev  0x0000000000000ba7      0x33c ./Drivers/STM32F7xx_HAL_Driver/Src/stm32f7xx_hal_cortex.o
 .debug_abbrev  0x0000000000000ee3      0x1f1 ./Drivers/STM32F7xx_HAL_Driver/Src/stm32f7xx_hal_gpio.o
 .debug_abbrev  0x00000000000010d4      0x1de ./Drivers/STM32F7xx_HAL_Driver/Src/stm32f7xx_hal_pwr.o
 .debug_abbrev  0x00000000000012b2      0x1dc ./Drivers/STM32F7xx_HAL_Driver/Src/stm32f7xx_hal_pwr_ex.o
 .debug_abbrev  0x000000000000148e      0x246 ./Drivers/STM32F7xx_HAL_Driver/Src/stm32f7xx_hal_rcc.o
 .debug_abbrev  0x00000000000016d4      0x1d1 ./Drivers/STM32F7xx_HAL_Driver/Src/stm32f7xx_hal_rcc_ex.o
 .debug_abbrev  0x00000000000018a5      0x25e ./Drivers/STM32F7xx_HAL_Driver/Src/stm32f7xx_hal_tim.o
 .debug_abbrev  0x0000000000001b03      0x266 ./Drivers/STM32F7xx_HAL_Driver/Src/stm32f7xx_hal_tim_ex.o
 .debug_abbrev  0x0000000000001d69      0x2b3 ./Drivers/STM32F7xx_HAL_Driver/Src/stm32f7xx_hal_uart.o

.debug_aranges  0x0000000000000000      0xd60
 .debug_aranges
                0x0000000000000000       0x60 ./Core/Src/main.o
 .debug_aranges
                0x0000000000000060       0x30 ./Core/Src/stm32f7xx_hal_msp.o
 .debug_aranges
                0x0000000000000090       0x30 ./Core/Src/stm32f7xx_hal_timebase_tim.o
 .debug_aranges
                0x00000000000000c0       0x68 ./Core/Src/stm32f7xx_it.o
 .debug_aranges
                0x0000000000000128       0x28 ./Core/Src/system_stm32f7xx.o
 .debug_aranges
                0x0000000000000150       0x28 ./Core/Startup/startup_stm32f746nghx.o
 .debug_aranges
                0x0000000000000178      0x100 ./Drivers/STM32F7xx_HAL_Driver/Src/stm32f7xx_hal.o
 .debug_aranges
                0x0000000000000278      0x118 ./Drivers/STM32F7xx_HAL_Driver/Src/stm32f7xx_hal_cortex.o
 .debug_aranges
                0x0000000000000390       0x58 ./Drivers/STM32F7xx_HAL_Driver/Src/stm32f7xx_hal_gpio.o
 .debug_aranges
                0x00000000000003e8       0xa0 ./Drivers/STM32F7xx_HAL_Driver/Src/stm32f7xx_hal_pwr.o
 .debug_aranges
                0x0000000000000488       0x80 ./Drivers/STM32F7xx_HAL_Driver/Src/stm32f7xx_hal_pwr_ex.o
 .debug_aranges
                0x0000000000000508       0x88 ./Drivers/STM32F7xx_HAL_Driver/Src/stm32f7xx_hal_rcc.o
 .debug_aranges
                0x0000000000000590       0x50 ./Drivers/STM32F7xx_HAL_Driver/Src/stm32f7xx_hal_rcc_ex.o
 .debug_aranges
                0x00000000000005e0      0x3e0 ./Drivers/STM32F7xx_HAL_Driver/Src/stm32f7xx_hal_tim.o
 .debug_aranges
                0x00000000000009c0      0x178 ./Drivers/STM32F7xx_HAL_Driver/Src/stm32f7xx_hal_tim_ex.o
 .debug_aranges
                0x0000000000000b38      0x228 ./Drivers/STM32F7xx_HAL_Driver/Src/stm32f7xx_hal_uart.o

.debug_ranges   0x0000000000000000      0xc98
 .debug_ranges  0x0000000000000000       0x50 ./Core/Src/main.o
 .debug_ranges  0x0000000000000050       0x20 ./Core/Src/stm32f7xx_hal_msp.o
 .debug_ranges  0x0000000000000070       0x20 ./Core/Src/stm32f7xx_hal_timebase_tim.o
 .debug_ranges  0x0000000000000090       0x58 ./Core/Src/stm32f7xx_it.o
 .debug_ranges  0x00000000000000e8       0x18 ./Core/Src/system_stm32f7xx.o
 .debug_ranges  0x0000000000000100       0x20 ./Core/Startup/startup_stm32f746nghx.o
 .debug_ranges  0x0000000000000120       0xf0 ./Drivers/STM32F7xx_HAL_Driver/Src/stm32f7xx_hal.o
 .debug_ranges  0x0000000000000210      0x108 ./Drivers/STM32F7xx_HAL_Driver/Src/stm32f7xx_hal_cortex.o
 .debug_ranges  0x0000000000000318       0x48 ./Drivers/STM32F7xx_HAL_Driver/Src/stm32f7xx_hal_gpio.o
 .debug_ranges  0x0000000000000360       0x90 ./Drivers/STM32F7xx_HAL_Driver/Src/stm32f7xx_hal_pwr.o
 .debug_ranges  0x00000000000003f0       0x70 ./Drivers/STM32F7xx_HAL_Driver/Src/stm32f7xx_hal_pwr_ex.o
 .debug_ranges  0x0000000000000460       0x78 ./Drivers/STM32F7xx_HAL_Driver/Src/stm32f7xx_hal_rcc.o
 .debug_ranges  0x00000000000004d8       0x40 ./Drivers/STM32F7xx_HAL_Driver/Src/stm32f7xx_hal_rcc_ex.o
 .debug_ranges  0x0000000000000518      0x3d0 ./Drivers/STM32F7xx_HAL_Driver/Src/stm32f7xx_hal_tim.o
 .debug_ranges  0x00000000000008e8      0x168 ./Drivers/STM32F7xx_HAL_Driver/Src/stm32f7xx_hal_tim_ex.o
 .debug_ranges  0x0000000000000a50      0x248 ./Drivers/STM32F7xx_HAL_Driver/Src/stm32f7xx_hal_uart.o

.debug_macro    0x0000000000000000    0x269d5
 .debug_macro   0x0000000000000000      0x3c1 ./Core/Src/main.o
 .debug_macro   0x00000000000003c1      0xaa8 ./Core/Src/main.o
 .debug_macro   0x0000000000000e69      0x293 ./Core/Src/main.o
 .debug_macro   0x00000000000010fc       0x2e ./Core/Src/main.o
 .debug_macro   0x000000000000112a       0x3b ./Core/Src/main.o
 .debug_macro   0x0000000000001165       0x22 ./Core/Src/main.o
 .debug_macro   0x0000000000001187       0x8e ./Core/Src/main.o
 .debug_macro   0x0000000000001215       0x51 ./Core/Src/main.o
 .debug_macro   0x0000000000001266      0x103 ./Core/Src/main.o
 .debug_macro   0x0000000000001369       0x6a ./Core/Src/main.o
 .debug_macro   0x00000000000013d3      0x1df ./Core/Src/main.o
 .debug_macro   0x00000000000015b2       0x1c ./Core/Src/main.o
 .debug_macro   0x00000000000015ce       0x22 ./Core/Src/main.o
 .debug_macro   0x00000000000015f0       0xdf ./Core/Src/main.o
 .debug_macro   0x00000000000016cf     0x12cd ./Core/Src/main.o
 .debug_macro   0x000000000000299c      0x11f ./Core/Src/main.o
 .debug_macro   0x0000000000002abb       0x19 ./Core/Src/main.o
 .debug_macro   0x0000000000002ad4    0x191da ./Core/Src/main.o
 .debug_macro   0x000000000001bcae       0x6d ./Core/Src/main.o
 .debug_macro   0x000000000001bd1b     0x3714 ./Core/Src/main.o
 .debug_macro   0x000000000001f42f      0x174 ./Core/Src/main.o
 .debug_macro   0x000000000001f5a3       0x63 ./Core/Src/main.o
 .debug_macro   0x000000000001f606     0x18ad ./Core/Src/main.o
 .debug_macro   0x0000000000020eb3      0x6c4 ./Core/Src/main.o
 .debug_macro   0x0000000000021577      0x185 ./Core/Src/main.o
 .debug_macro   0x00000000000216fc      0x115 ./Core/Src/main.o
 .debug_macro   0x0000000000021811      0x1fd ./Core/Src/main.o
 .debug_macro   0x0000000000021a0e       0xa5 ./Core/Src/main.o
 .debug_macro   0x0000000000021ab3      0x24f ./Core/Src/main.o
 .debug_macro   0x0000000000021d02       0x41 ./Core/Src/main.o
 .debug_macro   0x0000000000021d43       0x58 ./Core/Src/main.o
 .debug_macro   0x0000000000021d9b      0x236 ./Core/Src/main.o
 .debug_macro   0x0000000000021fd1      0x14e ./Core/Src/main.o
 .debug_macro   0x000000000002211f      0x25a ./Core/Src/main.o
 .debug_macro   0x0000000000022379       0x12 ./Core/Src/main.o
 .debug_macro   0x000000000002238b      0x22c ./Core/Src/main.o
 .debug_macro   0x00000000000225b7       0x61 ./Core/Src/main.o
 .debug_macro   0x0000000000022618       0xa5 ./Core/Src/main.o
 .debug_macro   0x00000000000226bd      0x12e ./Core/Src/main.o
 .debug_macro   0x00000000000227eb      0x108 ./Core/Src/main.o
 .debug_macro   0x00000000000228f3       0x35 ./Core/Src/main.o
 .debug_macro   0x0000000000022928      0xa60 ./Core/Src/main.o
 .debug_macro   0x0000000000023388       0x59 ./Core/Src/main.o
 .debug_macro   0x00000000000233e1      0x558 ./Core/Src/main.o
 .debug_macro   0x0000000000023939       0x44 ./Core/Src/main.o
 .debug_macro   0x000000000002397d      0x14d ./Core/Src/main.o
 .debug_macro   0x0000000000023aca       0x40 ./Core/Src/main.o
 .debug_macro   0x0000000000023b0a       0x52 ./Core/Src/main.o
 .debug_macro   0x0000000000023b5c       0x18 ./Core/Src/main.o
 .debug_macro   0x0000000000023b74       0x3c ./Core/Src/main.o
 .debug_macro   0x0000000000023bb0       0x34 ./Core/Src/main.o
 .debug_macro   0x0000000000023be4       0x16 ./Core/Src/main.o
 .debug_macro   0x0000000000023bfa       0x35 ./Core/Src/main.o
 .debug_macro   0x0000000000023c2f      0x333 ./Core/Src/main.o
 .debug_macro   0x0000000000023f62       0x10 ./Core/Src/main.o
 .debug_macro   0x0000000000023f72       0x16 ./Core/Src/main.o
 .debug_macro   0x0000000000023f88       0x43 ./Core/Src/main.o
 .debug_macro   0x0000000000023fcb       0x34 ./Core/Src/main.o
 .debug_macro   0x0000000000023fff       0x10 ./Core/Src/main.o
 .debug_macro   0x000000000002400f       0x58 ./Core/Src/main.o
 .debug_macro   0x0000000000024067       0x71 ./Core/Src/main.o
 .debug_macro   0x00000000000240d8       0x1c ./Core/Src/main.o
 .debug_macro   0x00000000000240f4      0x12a ./Core/Src/main.o
 .debug_macro   0x000000000002421e       0x10 ./Core/Src/main.o
 .debug_macro   0x000000000002422e       0x1c ./Core/Src/main.o
 .debug_macro   0x000000000002424a       0x52 ./Core/Src/main.o
 .debug_macro   0x000000000002429c       0x22 ./Core/Src/main.o
 .debug_macro   0x00000000000242be       0x10 ./Core/Src/main.o
 .debug_macro   0x00000000000242ce       0x40 ./Core/Src/main.o
 .debug_macro   0x000000000002430e       0xd5 ./Core/Src/main.o
 .debug_macro   0x00000000000243e3       0x1c ./Core/Src/main.o
 .debug_macro   0x00000000000243ff       0x3d ./Core/Src/main.o
 .debug_macro   0x000000000002443c       0x16 ./Core/Src/main.o
 .debug_macro   0x0000000000024452      0x145 ./Core/Src/main.o
 .debug_macro   0x0000000000024597       0x10 ./Core/Src/main.o
 .debug_macro   0x00000000000245a7      0x241 ./Core/Src/main.o
 .debug_macro   0x00000000000247e8       0x16 ./Core/Src/main.o
 .debug_macro   0x00000000000247fe       0x10 ./Core/Src/main.o
 .debug_macro   0x000000000002480e       0x10 ./Core/Src/main.o
 .debug_macro   0x000000000002481e       0x35 ./Core/Src/main.o
 .debug_macro   0x0000000000024853      0x12c ./Core/Src/main.o
 .debug_macro   0x000000000002497f       0x16 ./Core/Src/main.o
 .debug_macro   0x0000000000024995      0x51a ./Core/Src/main.o
 .debug_macro   0x0000000000024eaf      0x1f1 ./Core/Src/stm32f7xx_hal_msp.o
 .debug_macro   0x00000000000250a0      0x1e2 ./Core/Src/stm32f7xx_hal_timebase_tim.o
 .debug_macro   0x0000000000025282      0x1fb ./Core/Src/stm32f7xx_it.o
 .debug_macro   0x000000000002547d      0x1e2 ./Core/Src/system_stm32f7xx.o
 .debug_macro   0x000000000002565f      0x206 ./Drivers/STM32F7xx_HAL_Driver/Src/stm32f7xx_hal.o
 .debug_macro   0x0000000000025865      0x1e2 ./Drivers/STM32F7xx_HAL_Driver/Src/stm32f7xx_hal_cortex.o
 .debug_macro   0x0000000000025a47      0x1e8 ./Drivers/STM32F7xx_HAL_Driver/Src/stm32f7xx_hal_gpio.o
 .debug_macro   0x0000000000025c2f      0x200 ./Drivers/STM32F7xx_HAL_Driver/Src/stm32f7xx_hal_pwr.o
 .debug_macro   0x0000000000025e2f      0x1fa ./Drivers/STM32F7xx_HAL_Driver/Src/stm32f7xx_hal_pwr_ex.o
 .debug_macro   0x0000000000026029      0x206 ./Drivers/STM32F7xx_HAL_Driver/Src/stm32f7xx_hal_rcc.o
 .debug_macro   0x000000000002622f      0x1e2 ./Drivers/STM32F7xx_HAL_Driver/Src/stm32f7xx_hal_rcc_ex.o
 .debug_macro   0x0000000000026411      0x1e3 ./Drivers/STM32F7xx_HAL_Driver/Src/stm32f7xx_hal_tim.o
 .debug_macro   0x00000000000265f4      0x1e2 ./Drivers/STM32F7xx_HAL_Driver/Src/stm32f7xx_hal_tim_ex.o
 .debug_macro   0x00000000000267d6      0x1ff ./Drivers/STM32F7xx_HAL_Driver/Src/stm32f7xx_hal_uart.o

.debug_line     0x0000000000000000    0x11e9c
 .debug_line    0x0000000000000000      0xd8f ./Core/Src/main.o
 .debug_line    0x0000000000000d8f      0x91e ./Core/Src/stm32f7xx_hal_msp.o
 .debug_line    0x00000000000016ad      0x91e ./Core/Src/stm32f7xx_hal_timebase_tim.o
 .debug_line    0x0000000000001fcb      0x994 ./Core/Src/stm32f7xx_it.o
 .debug_line    0x000000000000295f      0x93e ./Core/Src/system_stm32f7xx.o
 .debug_line    0x000000000000329d       0x88 ./Core/Startup/startup_stm32f746nghx.o
 .debug_line    0x0000000000003325      0xbcf ./Drivers/STM32F7xx_HAL_Driver/Src/stm32f7xx_hal.o
 .debug_line    0x0000000000003ef4      0xe55 ./Drivers/STM32F7xx_HAL_Driver/Src/stm32f7xx_hal_cortex.o
 .debug_line    0x0000000000004d49      0xd43 ./Drivers/STM32F7xx_HAL_Driver/Src/stm32f7xx_hal_gpio.o
 .debug_line    0x0000000000005a8c      0xad3 ./Drivers/STM32F7xx_HAL_Driver/Src/stm32f7xx_hal_pwr.o
 .debug_line    0x000000000000655f      0xb44 ./Drivers/STM32F7xx_HAL_Driver/Src/stm32f7xx_hal_pwr_ex.o
 .debug_line    0x00000000000070a3     0x1010 ./Drivers/STM32F7xx_HAL_Driver/Src/stm32f7xx_hal_rcc.o
 .debug_line    0x00000000000080b3      0xfcb ./Drivers/STM32F7xx_HAL_Driver/Src/stm32f7xx_hal_rcc_ex.o
 .debug_line    0x000000000000907e     0x3dc0 ./Drivers/STM32F7xx_HAL_Driver/Src/stm32f7xx_hal_tim.o
 .debug_line    0x000000000000ce3e     0x1cc5 ./Drivers/STM32F7xx_HAL_Driver/Src/stm32f7xx_hal_tim_ex.o
 .debug_line    0x000000000000eb03     0x3399 ./Drivers/STM32F7xx_HAL_Driver/Src/stm32f7xx_hal_uart.o

.debug_str      0x0000000000000000    0xf19d8
 .debug_str     0x0000000000000000    0xee3e3 ./Core/Src/main.o
                                      0xeec6d (size before relaxing)
 .debug_str     0x00000000000ee3e3       0x56 ./Core/Src/stm32f7xx_hal_msp.o
                                      0xe895e (size before relaxing)
 .debug_str     0x00000000000ee439      0x626 ./Core/Src/stm32f7xx_hal_timebase_tim.o
                                      0xe8f6f (size before relaxing)
 .debug_str     0x00000000000eea5f       0xd6 ./Core/Src/stm32f7xx_it.o
                                      0xe895e (size before relaxing)
 .debug_str     0x00000000000eeb35      0x178 ./Core/Src/system_stm32f7xx.o
                                      0xe84b4 (size before relaxing)
 .debug_str     0x00000000000eecad       0x36 ./Core/Startup/startup_stm32f746nghx.o
                                         0x9b (size before relaxing)
 .debug_str     0x00000000000eece3      0x341 ./Drivers/STM32F7xx_HAL_Driver/Src/stm32f7xx_hal.o
                                      0xe8d7b (size before relaxing)
 .debug_str     0x00000000000ef024      0x38f ./Drivers/STM32F7xx_HAL_Driver/Src/stm32f7xx_hal_cortex.o
                                      0xe8e22 (size before relaxing)
 .debug_str     0x00000000000ef3b3      0x143 ./Drivers/STM32F7xx_HAL_Driver/Src/stm32f7xx_hal_gpio.o
                                      0xe859e (size before relaxing)
 .debug_str     0x00000000000ef4f6      0x2c5 ./Drivers/STM32F7xx_HAL_Driver/Src/stm32f7xx_hal_pwr.o
                                      0xe8781 (size before relaxing)
 .debug_str     0x00000000000ef7bb      0x1bd ./Drivers/STM32F7xx_HAL_Driver/Src/stm32f7xx_hal_pwr_ex.o
                                      0xe8743 (size before relaxing)
 .debug_str     0x00000000000ef978      0x26e ./Drivers/STM32F7xx_HAL_Driver/Src/stm32f7xx_hal_rcc.o
                                      0xe87e4 (size before relaxing)
 .debug_str     0x00000000000efbe6      0x161 ./Drivers/STM32F7xx_HAL_Driver/Src/stm32f7xx_hal_rcc_ex.o
                                      0xe876e (size before relaxing)
 .debug_str     0x00000000000efd47      0xe71 ./Drivers/STM32F7xx_HAL_Driver/Src/stm32f7xx_hal_tim.o
                                      0xe9763 (size before relaxing)
 .debug_str     0x00000000000f0bb8      0x5af ./Drivers/STM32F7xx_HAL_Driver/Src/stm32f7xx_hal_tim_ex.o
                                      0xe8f67 (size before relaxing)
 .debug_str     0x00000000000f1167      0x871 ./Drivers/STM32F7xx_HAL_Driver/Src/stm32f7xx_hal_uart.o
                                      0xe90d8 (size before relaxing)

.comment        0x0000000000000000       0x53
 .comment       0x0000000000000000       0x53 ./Core/Src/main.o
                                         0x54 (size before relaxing)
 .comment       0x0000000000000053       0x54 ./Core/Src/stm32f7xx_hal_msp.o
 .comment       0x0000000000000053       0x54 ./Core/Src/stm32f7xx_hal_timebase_tim.o
 .comment       0x0000000000000053       0x54 ./Core/Src/stm32f7xx_it.o
 .comment       0x0000000000000053       0x54 ./Core/Src/system_stm32f7xx.o
 .comment       0x0000000000000053       0x54 ./Drivers/STM32F7xx_HAL_Driver/Src/stm32f7xx_hal.o
 .comment       0x0000000000000053       0x54 ./Drivers/STM32F7xx_HAL_Driver/Src/stm32f7xx_hal_cortex.o
 .comment       0x0000000000000053       0x54 ./Drivers/STM32F7xx_HAL_Driver/Src/stm32f7xx_hal_gpio.o
 .comment       0x0000000000000053       0x54 ./Drivers/STM32F7xx_HAL_Driver/Src/stm32f7xx_hal_pwr.o
 .comment       0x0000000000000053       0x54 ./Drivers/STM32F7xx_HAL_Driver/Src/stm32f7xx_hal_pwr_ex.o
 .comment       0x0000000000000053       0x54 ./Drivers/STM32F7xx_HAL_Driver/Src/stm32f7xx_hal_rcc.o
 .comment       0x0000000000000053       0x54 ./Drivers/STM32F7xx_HAL_Driver/Src/stm32f7xx_hal_rcc_ex.o
 .comment       0x0000000000000053       0x54 ./Drivers/STM32F7xx_HAL_Driver/Src/stm32f7xx_hal_tim.o
 .comment       0x0000000000000053       0x54 ./Drivers/STM32F7xx_HAL_Driver/Src/stm32f7xx_hal_tim_ex.o
 .comment       0x0000000000000053       0x54 ./Drivers/STM32F7xx_HAL_Driver/Src/stm32f7xx_hal_uart.o

.debug_frame    0x0000000000000000     0x37a4
 .debug_frame   0x0000000000000000      0x144 ./Core/Src/main.o
 .debug_frame   0x0000000000000144       0x80 ./Core/Src/stm32f7xx_hal_msp.o
 .debug_frame   0x00000000000001c4       0x74 ./Core/Src/stm32f7xx_hal_timebase_tim.o
 .debug_frame   0x0000000000000238      0x124 ./Core/Src/stm32f7xx_it.o
 .debug_frame   0x000000000000035c       0x58 ./Core/Src/system_stm32f7xx.o
 .debug_frame   0x00000000000003b4      0x3b4 ./Drivers/STM32F7xx_HAL_Driver/Src/stm32f7xx_hal.o
 .debug_frame   0x0000000000000768      0x498 ./Drivers/STM32F7xx_HAL_Driver/Src/stm32f7xx_hal_cortex.o
 .debug_frame   0x0000000000000c00      0x14c ./Drivers/STM32F7xx_HAL_Driver/Src/stm32f7xx_hal_gpio.o
 .debug_frame   0x0000000000000d4c      0x254 ./Drivers/STM32F7xx_HAL_Driver/Src/stm32f7xx_hal_pwr.o
 .debug_frame   0x0000000000000fa0      0x1c8 ./Drivers/STM32F7xx_HAL_Driver/Src/stm32f7xx_hal_pwr_ex.o
 .debug_frame   0x0000000000001168      0x1f0 ./Drivers/STM32F7xx_HAL_Driver/Src/stm32f7xx_hal_rcc.o
 .debug_frame   0x0000000000001358      0x118 ./Drivers/STM32F7xx_HAL_Driver/Src/stm32f7xx_hal_rcc_ex.o
 .debug_frame   0x0000000000001470     0x121c ./Drivers/STM32F7xx_HAL_Driver/Src/stm32f7xx_hal_tim.o
 .debug_frame   0x000000000000268c      0x688 ./Drivers/STM32F7xx_HAL_Driver/Src/stm32f7xx_hal_tim_ex.o
 .debug_frame   0x0000000000002d14      0x9e4 ./Drivers/STM32F7xx_HAL_Driver/Src/stm32f7xx_hal_uart.o
 .debug_frame   0x00000000000036f8       0x2c c:/users/willi/documents/17. stm32/stm32cubeide_1.7.0/stm32cubeide/plugins/com.st.stm32cube.ide.mcu.externaltools.gnu-tools-for-stm32.9-2020-q2-update.win32_2.0.0.202105311346/tools/bin/../lib/gcc/arm-none-eabi/9.3.1/../../../../arm-none-eabi/lib/thumb/v7e-m+fp/hard\libc_nano.a(lib_a-init.o)
 .debug_frame   0x0000000000003724       0x20 c:/users/willi/documents/17. stm32/stm32cubeide_1.7.0/stm32cubeide/plugins/com.st.stm32cube.ide.mcu.externaltools.gnu-tools-for-stm32.9-2020-q2-update.win32_2.0.0.202105311346/tools/bin/../lib/gcc/arm-none-eabi/9.3.1/../../../../arm-none-eabi/lib/thumb/v7e-m+fp/hard\libc_nano.a(lib_a-memset.o)
 .debug_frame   0x0000000000003744       0x2c c:/users/willi/documents/17. stm32/stm32cubeide_1.7.0/stm32cubeide/plugins/com.st.stm32cube.ide.mcu.externaltools.gnu-tools-for-stm32.9-2020-q2-update.win32_2.0.0.202105311346/tools/bin/../lib/gcc/arm-none-eabi/9.3.1/thumb/v7e-m+fp/hard\libgcc.a(_aeabi_uldivmod.o)
 .debug_frame   0x0000000000003770       0x34 c:/users/willi/documents/17. stm32/stm32cubeide_1.7.0/stm32cubeide/plugins/com.st.stm32cube.ide.mcu.externaltools.gnu-tools-for-stm32.9-2020-q2-update.win32_2.0.0.202105311346/tools/bin/../lib/gcc/arm-none-eabi/9.3.1/thumb/v7e-m+fp/hard\libgcc.a(_udivmoddi4.o)
